{"type":"server-started","port":60225,"host":"127.0.0.1","url_host":"localhost","url":"http://localhost:60225","screen_dir":"/Users/louisslosse/Documents/GitHub/dunai-site/.superpowers/brainstorm/94146-1777364388/content","state_dir":"/Users/louisslosse/Documents/GitHub/dunai-site/.superpowers/brainstorm/94146-1777364388/state"}
{"type":"screen-added","file":"/Users/louisslosse/Documents/GitHub/dunai-site/.superpowers/brainstorm/94146-1777364388/content/cible-principale.html"}
{"source":"user-event","type":"click","text":"D\n    \n      Les trois, sans priorité claire\n      On veut toucher tous les profils. Dans ce cas, on peut créer des entrées personnalisées par profil sur le site plutôt que de tout mettre dans une seule page générique.","choice":"all","id":null,"timestamp":1777364490200}
{"source":"user-event","type":"click","text":"D\n    \n      Les trois, sans priorité claire\n      On veut toucher tous les profils. Dans ce cas, on peut créer des entrées personnalisées par profil sur le site plutôt que de tout mettre dans une seule page générique.","choice":"all","id":null,"timestamp":1777364492030}
{"source":"user-event","type":"click","text":"D\n    \n      Les trois, sans priorité claire\n      On veut toucher tous les profils. Dans ce cas, on peut créer des entrées personnalisées par profil sur le site plutôt que de tout mettre dans une seule page générique.","choice":"all","id":null,"timestamp":1777364492229}
{"type":"screen-added","file":"/Users/louisslosse/Documents/GitHub/dunai-site/.superpowers/brainstorm/94146-1777364388/content/objectif-principal.html"}
{"source":"user-event","type":"click","text":"D\n    \n      Un peu des trois\n      Il n'y a pas UN seul problème — on veut améliorer la crédibilité, la personnalisation et la conversion en même temps.","choice":"tout","id":null,"timestamp":1777364570862}
{"type":"screen-added","file":"/Users/louisslosse/Documents/GitHub/dunai-site/.superpowers/brainstorm/94146-1777364388/content/scope.html"}
{"source":"user-event","type":"click","text":"A\n    \n      Améliorations ciblées dans la page actuelle\n      On garde la structure du site telle quelle, mais on retravaille certaines sections : reformuler des textes, ajouter des éléments de preuve, renforcer les CTA. Rapide à implémenter.","choice":"small","id":null,"timestamp":1777364621510}
{"type":"screen-added","file":"/Users/louisslosse/Documents/GitHub/dunai-site/.superpowers/brainstorm/94146-1777364388/content/approches.html"}
{"type":"screen-added","file":"/Users/louisslosse/Documents/GitHub/dunai-site/.superpowers/brainstorm/94146-1777364388/content/design-1-hero-selecteur.html"}
{"type":"screen-added","file":"/Users/louisslosse/Documents/GitHub/dunai-site/.superpowers/brainstorm/94146-1777364388/content/design-2-credibilite.html"}
{"type":"screen-added","file":"/Users/louisslosse/Documents/GitHub/dunai-site/.superpowers/brainstorm/94146-1777364388/content/design-2b-logos-bureautique.html"}
{"type":"screen-added","file":"/Users/louisslosse/Documents/GitHub/dunai-site/.superpowers/brainstorm/94146-1777364388/content/design-2c-logos-visuels.html"}
{"type":"screen-added","file":"/Users/louisslosse/Documents/GitHub/dunai-site/.superpowers/brainstorm/94146-1777364388/content/design-3-calculateur-tarifs.html"}
{"type":"screen-added","file":"/Users/louisslosse/Documents/GitHub/dunai-site/.superpowers/brainstorm/94146-1777364388/content/design-3b-calculateur.html"}
{"type":"screen-added","file":"/Users/louisslosse/Documents/GitHub/dunai-site/.superpowers/brainstorm/94146-1777364388/content/design-3c-calculateur-profil.html"}
{"type":"screen-added","file":"/Users/louisslosse/Documents/GitHub/dunai-site/.superpowers/brainstorm/94146-1777364388/content/design-3d-calculateur-light.html"}
{"type":"screen-added","file":"/Users/louisslosse/Documents/GitHub/dunai-site/.superpowers/brainstorm/94146-1777364388/content/design-3e-calculateur-final.html"}
{"type":"server-stopped","reason":"idle timeout"}
